VARIANT	VARIANT	VARIANT	VARIANT	VARIANT	VARIANT	VARIANT	VARIANT	S1	S1	S2	S2	S3	S3
CHROM	POS	REF	ALT	QUAL	T	X	SOMATIC	GT	S	GT	S	GT	S
1	100	A	T		2		true	1/1	a	./1	bbbbbbb	.	ccccccccc
